INFO: Instrumented org.xml.sax.helpers.LocatorImpl (took 3 ms, size +11%)
INFO: Instrumented org.xml.sax.Locator (took 0 ms, size +0%)
INFO: Instrumented org.w3c.dom.traversal.NodeIterator (took 0 ms, size +0%)
INFO: Instrumented org.quartz.Job (took 0 ms, size +0%)
INFO: Instrumented org.quartz.jobs.NoOpJob (took 0 ms, size +19%)
INFO: Instrumented org.quartz.JobBuilder (took 6 ms, size +10%)
INFO: Instrumented org.quartz.JobDataMap (took 8 ms, size +27%)
INFO: Instrumented org.quartz.impl.JobDetailImpl (took 8 ms, size +10%)
Failed to add job TestJob to the database. Error: No suitable driver found for jdbc:h2:mem:quartz_jobs;DB_CLOSE_DELAY=-1
== Java Exception: java.lang.NoClassDefFoundError: jakarta/xml/bind/DatatypeConverter
	at org.quartz.xml.XMLSchedulingDataProcessor.process(XMLSchedulingDataProcessor.java:700)
	at org.quartz.xml.XMLSchedulingDataProcessor.processStreamAndScheduleJobs(XMLSchedulingDataProcessor.java:490)
	at XMLSchedulingDataProcessorFuzzer.fuzzerTestOneInput(XMLSchedulingDataProcessorFuzzer.java:45)
Caused by: java.lang.ClassNotFoundException: jakarta.xml.bind.DatatypeConverter
	at java.base/jdk.internal.loader.BuiltinClassLoader.loadClass(BuiltinClassLoader.java:582)
	at java.base/jdk.internal.loader.ClassLoaders$AppClassLoader.loadClass(ClassLoaders.java:178)
	at java.base/java.lang.ClassLoader.loadClass(ClassLoader.java:521)
	... 3 more
DEDUP_TOKEN: dd3e1c1e2d179871
== libFuzzer crashing input ==
Failed to add job TestJob to the database. Error: No suitable driver found for jdbc:h2:mem:quartz_jobs;DB_CLOSE_DELAY=-1reproducer_path='.'; Java reproducer written to ./Crash_4b1ad5564e4655075e25bd1e2c186b8a9f5f13f6.java
